[30169280ms] [ERROR] Cross-Origin-Opener-Policy policy would block the window.closed call. @ http://localhost:4321/@fs/C:/Users/dorel/workspace/velto-store/.angular/cache/20.3.27/velto-store/vite/deps/chunk-7JFJRMV7.js?v=7b3df44b:8244
[30169280ms] [ERROR] Cross-Origin-Opener-Policy policy would block the window.closed call. @ http://localhost:4321/@fs/C:/Users/dorel/workspace/velto-store/.angular/cache/20.3.27/velto-store/vite/deps/chunk-7JFJRMV7.js?v=7b3df44b:8244
[30209325ms] [ERROR] Cross-Origin-Opener-Policy policy would block the window.closed call. @ http://localhost:4321/@fs/C:/Users/dorel/workspace/velto-store/.angular/cache/20.3.27/velto-store/vite/deps/chunk-7JFJRMV7.js?v=7b3df44b:8244
[30209325ms] [ERROR] Cross-Origin-Opener-Policy policy would block the window.closed call. @ http://localhost:4321/@fs/C:/Users/dorel/workspace/velto-store/.angular/cache/20.3.27/velto-store/vite/deps/chunk-7JFJRMV7.js?v=7b3df44b:8244
[30210675ms] [ERROR] Cross-Origin-Opener-Policy policy would block the window.close call. @ http://localhost:4321/@fs/C:/Users/dorel/workspace/velto-store/.angular/cache/20.3.27/velto-store/vite/deps/chunk-7JFJRMV7.js?v=7b3df44b:8738
[30210675ms] [ERROR] Cross-Origin-Opener-Policy policy would block the window.close call. @ http://localhost:4321/@fs/C:/Users/dorel/workspace/velto-store/.angular/cache/20.3.27/velto-store/vite/deps/chunk-7JFJRMV7.js?v=7b3df44b:8738
[30210677ms] [WARNING] Firebase API called outside injection context: getDoc @ http://localhost:4321/@fs/C:/Users/dorel/workspace/velto-store/.angular/cache/20.3.27/velto-store/vite/deps/chunk-CTTKPD5Y.js?v=7b3df44b:2512
[30211154ms] [WARNING] Firebase API called outside injection context: getDocs @ http://localhost:4321/@fs/C:/Users/dorel/workspace/velto-store/.angular/cache/20.3.27/velto-store/vite/deps/chunk-CTTKPD5Y.js?v=7b3df44b:2512
[30211255ms] [WARNING] Firebase API called outside injection context: getDocs @ http://localhost:4321/@fs/C:/Users/dorel/workspace/velto-store/.angular/cache/20.3.27/velto-store/vite/deps/chunk-CTTKPD5Y.js?v=7b3df44b:2512
[30211371ms] [WARNING] Firebase API called outside injection context: getDocs @ http://localhost:4321/@fs/C:/Users/dorel/workspace/velto-store/.angular/cache/20.3.27/velto-store/vite/deps/chunk-CTTKPD5Y.js?v=7b3df44b:2512
[30211446ms] [WARNING] Firebase API called outside injection context: getDocs @ http://localhost:4321/@fs/C:/Users/dorel/workspace/velto-store/.angular/cache/20.3.27/velto-store/vite/deps/chunk-CTTKPD5Y.js?v=7b3df44b:2512
[30211522ms] [ERROR] Dashboard load error: FirebaseError: Missing or insufficient permissions. @ http://localhost:4321/chunk-2ZNT4VKV.js:615
[30213393ms] [WARNING] Firebase API called outside injection context: getDocs @ http://localhost:4321/@fs/C:/Users/dorel/workspace/velto-store/.angular/cache/20.3.27/velto-store/vite/deps/chunk-CTTKPD5Y.js?v=7b3df44b:2512
[30216943ms] [WARNING] Firebase API called outside injection context: getDocs @ http://localhost:4321/@fs/C:/Users/dorel/workspace/velto-store/.angular/cache/20.3.27/velto-store/vite/deps/chunk-CTTKPD5Y.js?v=7b3df44b:2512
[30218313ms] [WARNING] Firebase API called outside injection context: getDocs @ http://localhost:4321/@fs/C:/Users/dorel/workspace/velto-store/.angular/cache/20.3.27/velto-store/vite/deps/chunk-CTTKPD5Y.js?v=7b3df44b:2512
[30219709ms] [WARNING] Firebase API called outside injection context: getDocs @ http://localhost:4321/@fs/C:/Users/dorel/workspace/velto-store/.angular/cache/20.3.27/velto-store/vite/deps/chunk-CTTKPD5Y.js?v=7b3df44b:2512
[30219770ms] [WARNING] Firebase API called outside injection context: getDocs @ http://localhost:4321/@fs/C:/Users/dorel/workspace/velto-store/.angular/cache/20.3.27/velto-store/vite/deps/chunk-CTTKPD5Y.js?v=7b3df44b:2512
[30228370ms] [WARNING] Firebase API called outside injection context: getDocs @ http://localhost:4321/@fs/C:/Users/dorel/workspace/velto-store/.angular/cache/20.3.27/velto-store/vite/deps/chunk-CTTKPD5Y.js?v=7b3df44b:2512
[30229685ms] [WARNING] Firebase API called outside injection context: getDocs @ http://localhost:4321/@fs/C:/Users/dorel/workspace/velto-store/.angular/cache/20.3.27/velto-store/vite/deps/chunk-CTTKPD5Y.js?v=7b3df44b:2512
[30229752ms] [WARNING] Firebase API called outside injection context: getDocs @ http://localhost:4321/@fs/C:/Users/dorel/workspace/velto-store/.angular/cache/20.3.27/velto-store/vite/deps/chunk-CTTKPD5Y.js?v=7b3df44b:2512
[30229842ms] [WARNING] Firebase API called outside injection context: getDocs @ http://localhost:4321/@fs/C:/Users/dorel/workspace/velto-store/.angular/cache/20.3.27/velto-store/vite/deps/chunk-CTTKPD5Y.js?v=7b3df44b:2512
[30229903ms] [WARNING] Firebase API called outside injection context: getDocs @ http://localhost:4321/@fs/C:/Users/dorel/workspace/velto-store/.angular/cache/20.3.27/velto-store/vite/deps/chunk-CTTKPD5Y.js?v=7b3df44b:2512
[30229979ms] [ERROR] Dashboard load error: FirebaseError: Missing or insufficient permissions. @ http://localhost:4321/chunk-2ZNT4VKV.js:615
[36016496ms] [WARNING] Firebase API called outside injection context: getDocs @ http://localhost:4321/@fs/C:/Users/dorel/workspace/velto-store/.angular/cache/20.3.27/velto-store/vite/deps/chunk-CTTKPD5Y.js?v=7b3df44b:2512
[54707027ms] [LOG] Angular is running in development mode. @ http://localhost:4321/@fs/C:/Users/dorel/workspace/velto-store/.angular/cache/20.3.27/velto-store/vite/deps/chunk-6N3YNMDT.js?v=7b3df44b:14913
[55901698ms] [LOG] Angular is running in development mode. @ http://localhost:4321/@fs/C:/Users/dorel/workspace/velto-store/.angular/cache/20.3.27/velto-store/vite/deps/chunk-6N3YNMDT.js?v=7b3df44b:14913
[56703409ms] [WARNING] Calling Firebase APIs outside of an Injection context may destabilize your application leading to subtle change-detection and hydration bugs. Find more at https://github.com/angular/angularfire/blob/main/docs/zones.md @ http://localhost:4321/@fs/C:/Users/dorel/workspace/velto-store/.angular/cache/20.3.27/velto-store/vite/deps/chunk-CTTKPD5Y.js?v=7b3df44b:2509
[56706336ms] [ERROR] Cross-Origin-Opener-Policy policy would block the window.close call. @ http://localhost:4321/@fs/C:/Users/dorel/workspace/velto-store/.angular/cache/20.3.27/velto-store/vite/deps/chunk-7JFJRMV7.js?v=7b3df44b:8738
[56706336ms] [ERROR] Cross-Origin-Opener-Policy policy would block the window.close call. @ http://localhost:4321/@fs/C:/Users/dorel/workspace/velto-store/.angular/cache/20.3.27/velto-store/vite/deps/chunk-7JFJRMV7.js?v=7b3df44b:8738
[56706337ms] [WARNING] Firebase API called outside injection context: getDoc @ http://localhost:4321/@fs/C:/Users/dorel/workspace/velto-store/.angular/cache/20.3.27/velto-store/vite/deps/chunk-CTTKPD5Y.js?v=7b3df44b:2512
[56706659ms] [WARNING] Firebase API called outside injection context: getDocs @ http://localhost:4321/@fs/C:/Users/dorel/workspace/velto-store/.angular/cache/20.3.27/velto-store/vite/deps/chunk-CTTKPD5Y.js?v=7b3df44b:2512
[56706762ms] [WARNING] Firebase API called outside injection context: getDocs @ http://localhost:4321/@fs/C:/Users/dorel/workspace/velto-store/.angular/cache/20.3.27/velto-store/vite/deps/chunk-CTTKPD5Y.js?v=7b3df44b:2512
[56706869ms] [WARNING] Firebase API called outside injection context: getDocs @ http://localhost:4321/@fs/C:/Users/dorel/workspace/velto-store/.angular/cache/20.3.27/velto-store/vite/deps/chunk-CTTKPD5Y.js?v=7b3df44b:2512
[56707014ms] [WARNING] Firebase API called outside injection context: getDocs @ http://localhost:4321/@fs/C:/Users/dorel/workspace/velto-store/.angular/cache/20.3.27/velto-store/vite/deps/chunk-CTTKPD5Y.js?v=7b3df44b:2512
[56707123ms] [ERROR] Dashboard load error: FirebaseError: Missing or insufficient permissions. @ http://localhost:4321/chunk-TPVYNQZY.js:615
[56709156ms] [WARNING] Firebase API called outside injection context: getDocs @ http://localhost:4321/@fs/C:/Users/dorel/workspace/velto-store/.angular/cache/20.3.27/velto-store/vite/deps/chunk-CTTKPD5Y.js?v=7b3df44b:2512
[56715335ms] [LOG] Angular is running in development mode. @ http://localhost:4321/@fs/C:/Users/dorel/workspace/velto-store/.angular/cache/20.3.27/velto-store/vite/deps/chunk-6N3YNMDT.js?v=7b3df44b:14913
[56718243ms] [WARNING] Calling Firebase APIs outside of an Injection context may destabilize your application leading to subtle change-detection and hydration bugs. Find more at https://github.com/angular/angularfire/blob/main/docs/zones.md @ http://localhost:4321/@fs/C:/Users/dorel/workspace/velto-store/.angular/cache/20.3.27/velto-store/vite/deps/chunk-CTTKPD5Y.js?v=7b3df44b:2509
[56720390ms] [ERROR] Cross-Origin-Opener-Policy policy would block the window.closed call. @ http://localhost:4321/@fs/C:/Users/dorel/workspace/velto-store/.angular/cache/20.3.27/velto-store/vite/deps/chunk-7JFJRMV7.js?v=7b3df44b:8244
[56720391ms] [ERROR] Cross-Origin-Opener-Policy policy would block the window.closed call. @ http://localhost:4321/@fs/C:/Users/dorel/workspace/velto-store/.angular/cache/20.3.27/velto-store/vite/deps/chunk-7JFJRMV7.js?v=7b3df44b:8244
[56720604ms] [WARNING] Firebase API called outside injection context: getDoc @ http://localhost:4321/@fs/C:/Users/dorel/workspace/velto-store/.angular/cache/20.3.27/velto-store/vite/deps/chunk-CTTKPD5Y.js?v=7b3df44b:2512
[56720798ms] [WARNING] Firebase API called outside injection context: getDocs @ http://localhost:4321/@fs/C:/Users/dorel/workspace/velto-store/.angular/cache/20.3.27/velto-store/vite/deps/chunk-CTTKPD5Y.js?v=7b3df44b:2512
[56720867ms] [WARNING] Firebase API called outside injection context: getDocs @ http://localhost:4321/@fs/C:/Users/dorel/workspace/velto-store/.angular/cache/20.3.27/velto-store/vite/deps/chunk-CTTKPD5Y.js?v=7b3df44b:2512
[56720947ms] [WARNING] Firebase API called outside injection context: getDocs @ http://localhost:4321/@fs/C:/Users/dorel/workspace/velto-store/.angular/cache/20.3.27/velto-store/vite/deps/chunk-CTTKPD5Y.js?v=7b3df44b:2512
[56721033ms] [WARNING] Firebase API called outside injection context: getDocs @ http://localhost:4321/@fs/C:/Users/dorel/workspace/velto-store/.angular/cache/20.3.27/velto-store/vite/deps/chunk-CTTKPD5Y.js?v=7b3df44b:2512
[56721091ms] [ERROR] Dashboard load error: FirebaseError: Missing or insufficient permissions. @ http://localhost:4321/chunk-TPVYNQZY.js:615
[56723351ms] [WARNING] Firebase API called outside injection context: getDocs @ http://localhost:4321/@fs/C:/Users/dorel/workspace/velto-store/.angular/cache/20.3.27/velto-store/vite/deps/chunk-CTTKPD5Y.js?v=7b3df44b:2512
[57264982ms] [LOG] Angular is running in development mode. @ http://localhost:4321/@fs/C:/Users/dorel/workspace/velto-store/.angular/cache/20.3.27/velto-store/vite/deps/chunk-6N3YNMDT.js?v=7b3df44b:14913
[57353765ms] [LOG] Angular is running in development mode. @ http://localhost:4321/@fs/C:/Users/dorel/workspace/velto-store/.angular/cache/20.3.27/velto-store/vite/deps/chunk-6N3YNMDT.js?v=7b3df44b:14913
[57368382ms] [LOG] Angular is running in development mode. @ http://localhost:4321/@fs/C:/Users/dorel/workspace/velto-store/.angular/cache/20.3.27/velto-store/vite/deps/chunk-6N3YNMDT.js?v=7b3df44b:14913
[57383934ms] [LOG] Angular is running in development mode. @ http://localhost:4321/@fs/C:/Users/dorel/workspace/velto-store/.angular/cache/20.3.27/velto-store/vite/deps/chunk-6N3YNMDT.js?v=7b3df44b:14913
[57395909ms] [LOG] Angular is running in development mode. @ http://localhost:4321/@fs/C:/Users/dorel/workspace/velto-store/.angular/cache/20.3.27/velto-store/vite/deps/chunk-6N3YNMDT.js?v=7b3df44b:14913
[58399077ms] [WARNING] Calling Firebase APIs outside of an Injection context may destabilize your application leading to subtle change-detection and hydration bugs. Find more at https://github.com/angular/angularfire/blob/main/docs/zones.md @ http://localhost:4321/@fs/C:/Users/dorel/workspace/velto-store/.angular/cache/20.3.27/velto-store/vite/deps/chunk-CTTKPD5Y.js?v=7b3df44b:2509
[58401238ms] [ERROR] Cross-Origin-Opener-Policy policy would block the window.closed call. @ http://localhost:4321/@fs/C:/Users/dorel/workspace/velto-store/.angular/cache/20.3.27/velto-store/vite/deps/chunk-7JFJRMV7.js?v=7b3df44b:8244
[58401239ms] [ERROR] Cross-Origin-Opener-Policy policy would block the window.closed call. @ http://localhost:4321/@fs/C:/Users/dorel/workspace/velto-store/.angular/cache/20.3.27/velto-store/vite/deps/chunk-7JFJRMV7.js?v=7b3df44b:8244
[58401241ms] [WARNING] Firebase API called outside injection context: getDoc @ http://localhost:4321/@fs/C:/Users/dorel/workspace/velto-store/.angular/cache/20.3.27/velto-store/vite/deps/chunk-CTTKPD5Y.js?v=7b3df44b:2512
[58401495ms] [WARNING] Firebase API called outside injection context: getDocs @ http://localhost:4321/@fs/C:/Users/dorel/workspace/velto-store/.angular/cache/20.3.27/velto-store/vite/deps/chunk-CTTKPD5Y.js?v=7b3df44b:2512
[58401608ms] [WARNING] Firebase API called outside injection context: getDocs @ http://localhost:4321/@fs/C:/Users/dorel/workspace/velto-store/.angular/cache/20.3.27/velto-store/vite/deps/chunk-CTTKPD5Y.js?v=7b3df44b:2512
[58401712ms] [WARNING] Firebase API called outside injection context: getDocs @ http://localhost:4321/@fs/C:/Users/dorel/workspace/velto-store/.angular/cache/20.3.27/velto-store/vite/deps/chunk-CTTKPD5Y.js?v=7b3df44b:2512
[58401807ms] [WARNING] Firebase API called outside injection context: getDocs @ http://localhost:4321/@fs/C:/Users/dorel/workspace/velto-store/.angular/cache/20.3.27/velto-store/vite/deps/chunk-CTTKPD5Y.js?v=7b3df44b:2512
[58401909ms] [ERROR] Dashboard load error: FirebaseError: Missing or insufficient permissions. @ http://localhost:4321/chunk-TPVYNQZY.js:615
[58403262ms] [WARNING] Firebase API called outside injection context: getDocs @ http://localhost:4321/@fs/C:/Users/dorel/workspace/velto-store/.angular/cache/20.3.27/velto-store/vite/deps/chunk-CTTKPD5Y.js?v=7b3df44b:2512
[58537770ms] [LOG] Angular is running in development mode. @ http://localhost:4321/@fs/C:/Users/dorel/workspace/velto-store/.angular/cache/20.3.27/velto-store/vite/deps/chunk-6N3YNMDT.js?v=7b3df44b:14913
